// Jest Snapshot v1, https://goo.gl/fbAQLP

exports[`Testing Component Homepage matches snapshot 1`] = `
<div
  style={
    Object {
      "margin": "15px",
    }
  }
>
  <h2>
    Welcome, you have logged in successfully
  </h2>
   
  <button
    className="ui orange button"
    onClick={[Function]}
  >
    Logout
  </button>
  <table
    className="ui inverted center aligned table"
  >
    <thead
      className=""
    >
      <tr
        className=""
      >
        <th
          className=""
        >
          #
        </th>
        <th
          className=""
        >
          Avatar
        </th>
        <th
          className=""
        >
          First Name
        </th>
        <th
          className=""
        >
          Last Name
        </th>
        <th
          className=""
        >
          Actions
        </th>
      </tr>
    </thead>
    <tbody
      className=""
    />
  </table>
  <div
    aria-label="Pagination Navigation"
    className="ui pagination menu"
    role="navigation"
  >
    <a
      aria-current={false}
      aria-disabled={false}
      className="icon item"
      onClick={[Function]}
      onKeyDown={[Function]}
      tabIndex={0}
      type="firstItem"
      value={1}
    >
      <i
        aria-hidden="true"
        className="caret left small icon"
        onClick={[Function]}
      />
    </a>
    <a
      aria-current={false}
      aria-disabled={false}
      className="icon item"
      onClick={[Function]}
      onKeyDown={[Function]}
      tabIndex={0}
      type="prevItem"
      value={1}
    >
      <i
        aria-hidden="true"
        className="angle left small icon"
        onClick={[Function]}
      />
    </a>
    <a
      aria-current={true}
      aria-disabled={false}
      className="active item"
      onClick={[Function]}
      onKeyDown={[Function]}
      tabIndex={0}
      type="pageItem"
      value={1}
    >
      1
    </a>
    <a
      aria-current={false}
      aria-disabled={false}
      className="item"
      onClick={[Function]}
      onKeyDown={[Function]}
      tabIndex={0}
      type="pageItem"
      value={2}
    >
      2
    </a>
    <a
      aria-current={false}
      aria-disabled={false}
      className="item"
      onClick={[Function]}
      onKeyDown={[Function]}
      tabIndex={0}
      type="pageItem"
      value={3}
    >
      3
    </a>
    <a
      aria-current={false}
      aria-disabled={false}
      className="item"
      onClick={[Function]}
      onKeyDown={[Function]}
      tabIndex={0}
      type="pageItem"
      value={4}
    >
      4
    </a>
    <a
      aria-current={false}
      aria-disabled={false}
      className="icon item"
      onClick={[Function]}
      onKeyDown={[Function]}
      tabIndex={0}
      type="nextItem"
      value={2}
    >
      <i
        aria-hidden="true"
        className="angle right small icon"
        onClick={[Function]}
      />
    </a>
    <a
      aria-current={false}
      aria-disabled={false}
      className="icon item"
      onClick={[Function]}
      onKeyDown={[Function]}
      tabIndex={0}
      type="lastItem"
      value={4}
    >
      <i
        aria-hidden="true"
        className="caret right small icon"
        onClick={[Function]}
      />
    </a>
  </div>
</div>
`;
